// Jest Snapshot v1, https://goo.gl/fbAQLP

exports[`Header component snapshot render Header 1`] = `
<DocumentFragment>
  <div>
    <a
      href="/"
    >
      <button>
        HOME
      </button>
    </a>
  </div>
</DocumentFragment>
`;
