// Jest Snapshot v1, https://goo.gl/fbAQLP

exports[`App component renders App 1`] = `
<DocumentFragment>
  <div>
    <a
      href="/"
    >
      <button>
        HOME
      </button>
    </a>
  </div>
  <h1>
    Loading...
  </h1>
</DocumentFragment>
`;
